// Jest Snapshot v1, https://goo.gl/fbAQLP

exports[`Home renders tutorings page unchanged 1`] = `
<div>
  <h1>
    Agendar asesoria
  </h1>
</div>
`;

exports[`Tutorings renders tutorings page unchanged 1`] = `
<div>
  <h1>
    Agendar asesoria
  </h1>
</div>
`;
