// Jest Snapshot v1, https://goo.gl/fbAQLP

exports[`Student Home renders Student home page unchanged 1`] = `
<div>
  <div
    class="cards"
  >
    <div
      class="card"
    >
      <div
        class="box"
        href="/student/profile"
        role="button"
      >
        <img
          class="image"
          src="/images/student-login-image.jpg"
        />
        <p
          class="description"
        >
           
          Perfil
           
        </p>
      </div>
    </div>
    <div
      class="card"
    >
      <div
        class="box"
        href="/student/schedule-tutoring"
        role="button"
      >
        <img
          class="image"
          src="/images/tutor-login-image.jpg"
        />
        <p
          class="description"
        >
           
          Agendar asesor√≠a
           
        </p>
      </div>
    </div>
  </div>
</div>
`;
