// Jest Snapshot v1, https://goo.gl/fbAQLP

exports[`Assigned Tutorings renders assigned tutorings page unchanged 1`] = `
<div>
  <h1>
    ASESOR√çAS ASIGNADAS
  </h1>
</div>
`;
