// Jest Snapshot v1, https://goo.gl/fbAQLP

exports[`Tutor Profile renders tutor profile page unchanged 1`] = `
<div>
  <div>
    <h1>
      PROFILE
    </h1>
    <div
      class="cardInfo"
    >
      <div
        class="box"
      >
        <div
          class="dateSize"
        >
          <h1
            class="bi bi-alarm icon"
          >
             
          </h1>
          <span
            class="caption"
          >
             
            Lunes 21 de Marzo - 3:00 PM - 4:00 PM
             
          </span>
        </div>
        <div
          class="subjectSize"
        >
          <h1
            class="bi bi-stack icon"
          >
             
          </h1>
          <span
            class="caption"
          >
             
            Programaci√≥n orientada a objetos
             
          </span>
        </div>
        <div
          class="studentSize"
        >
          <h1
            class="bi bi-person-circle icon"
          >
             
          </h1>
          <span
            class="caption"
          >
             
            Karen Rugerio Armenta
             
          </span>
        </div>
        <div
          class="statusSize"
        >
          <button
            class="container button info"
          >
             
            Completada 
          </button>
        </div>
      </div>
    </div>
  </div>
</div>
`;
